
Concesion terminada correctamente.

grant execute on SYS.DBMS_CRYPTO to ASTSYSADMIN
                     *
ERROR en linea 1:
ORA-00942: la tabla o vista no existe



Procedimiento PL/SQL terminado correctamente.


Sesion modificada.


Tabla creada.


Indice creado.


Indice creado.


Indice creado.


Comentario creado.


Comentario creado.


Comentario creado.


Comentario creado.


Comentario creado.


Comentario creado.


Comentario creado.


Comentario creado.


Comentario creado.


Comentario creado.


Comentario creado.


Comentario creado.


Comentario creado.


Comentario creado.


Comentario creado.


Comentario creado.


Tabla creada.


Indice creado.


Indice creado.


Comentario creado.


Comentario creado.


Comentario creado.


Comentario creado.


Comentario creado.


Comentario creado.


Tabla creada.


Indice creado.


Comentario creado.


Comentario creado.


Tabla creada.


Indice creado.


Comentario creado.


Comentario creado.


Comentario creado.


Comentario creado.


Tabla creada.


Indice creado.


Comentario creado.


Comentario creado.


Comentario creado.


Comentario creado.


Comentario creado.


Comentario creado.


Tabla creada.


Indice creado.


Indice creado.


Comentario creado.


Comentario creado.


Comentario creado.


Comentario creado.


Comentario creado.


Comentario creado.


Tabla creada.


Indice creado.


Comentario creado.


Comentario creado.


Comentario creado.


Tabla creada.


Indice creado.


Indice creado.


Comentario creado.


Comentario creado.


Comentario creado.


Comentario creado.


Tabla creada.


Indice creado.


Indice creado.


Comentario creado.


Comentario creado.


Comentario creado.


Comentario creado.


Comentario creado.


Comentario creado.


Tabla creada.


Indice creado.


Comentario creado.


Comentario creado.


Comentario creado.


Secuencia creada.


Secuencia creada.


Secuencia creada.


Secuencia creada.


Secuencia creada.


Secuencia creada.


Sesion modificada.


Tabla creada.


Comentario creado.


Comentario creado.


Comentario creado.


Tabla creada.


Indice creado.


Indice creado.


Tabla modificada.


Comentario creado.


Comentario creado.


Comentario creado.


Comentario creado.


Comentario creado.


Comentario creado.


Comentario creado.


Comentario creado.


Comentario creado.


Comentario creado.


Comentario creado.


Comentario creado.


Comentario creado.


Comentario creado.


Comentario creado.


Comentario creado.


Comentario creado.


Comentario creado.


Comentario creado.


Comentario creado.


Comentario creado.


Tabla creada.


Indice creado.


Indice creado.


Comentario creado.


Comentario creado.


Comentario creado.


Comentario creado.


Comentario creado.


Comentario creado.


Comentario creado.


Comentario creado.


Comentario creado.


Tabla creada.


Indice creado.


Comentario creado.


Comentario creado.


Comentario creado.


Comentario creado.


Comentario creado.


Comentario creado.


Comentario creado.


Comentario creado.


Comentario creado.


Comentario creado.


Comentario creado.


Comentario creado.


Comentario creado.


Comentario creado.


Secuencia creada.


Secuencia creada.


Secuencia creada.


Secuencia creada.


Tabla creada.


Indice creado.


Comentario creado.


Comentario creado.


Comentario creado.


Comentario creado.


Tabla creada.


Indice creado.


Comentario creado.


Comentario creado.


Comentario creado.


Comentario creado.


Comentario creado.


Comentario creado.


Comentario creado.


Comentario creado.


Comentario creado.


1 fila creada.


1 fila creada.


1 fila creada.


1 fila creada.


1 fila creada.


1 fila creada.


1 fila creada.


1 fila creada.


1 fila creada.


1 fila creada.


1 fila creada.


1 fila creada.


1 fila creada.


1 fila creada.


1 fila creada.


1 fila creada.


1 fila creada.


1 fila creada.


1 fila creada.


1 fila creada.


1 fila creada.


1 fila creada.


1 fila creada.


1 fila creada.


1 fila creada.


1 fila creada.


1 fila creada.


1 fila creada.


1 fila creada.


1 fila creada.


1 fila creada.


1 fila creada.


1 fila creada.


1 fila creada.


1 fila creada.


1 fila creada.


1 fila creada.


1 fila creada.


1 fila creada.


1 fila creada.


1 fila creada.


1 fila creada.


1 fila creada.


1 fila creada.


1 fila creada.


1 fila creada.


1 fila creada.


1 fila creada.


1 fila creada.


1 fila creada.


1 fila creada.


1 fila creada.


1 fila creada.


1 fila creada.


1 fila creada.


1 fila creada.


1 fila creada.


1 fila creada.


1 fila creada.


1 fila creada.


1 fila creada.


1 fila creada.


1 fila creada.


1 fila creada.


1 fila creada.


1 fila creada.


1 fila creada.


1 fila creada.


1 fila creada.


1 fila creada.


1 fila creada.


1 fila creada.


1 fila creada.


1 fila creada.


1 fila creada.


1 fila creada.


1 fila creada.


1 fila creada.


1 fila creada.


1 fila actualizada.


1 fila actualizada.


1 fila creada.


1 fila creada.


1 fila creada.


1 fila creada.


1 fila actualizada.


1 fila creada.


1 fila creada.


1 fila creada.


1 fila creada.


Confirmacion terminada.


Paquete creado.


Cuerpo del paquete creado.


Paquete creado.


Cuerpo del paquete creado.


Paquete creado.


Advertencia: Cuerpo del paquete creado con errores de compilacion.


Paquete creado.


Advertencia: Cuerpo del paquete creado con errores de compilacion.


Sesion modificada.


Paquete creado.


Cuerpo del paquete creado.

No hay errores.
No hay errores.
Errores para PACKAGE BODY PKG_DM_FUNC_MASK:

LINE/COL ERROR
-------- -----------------------------------------------------------------
51/7     PL/SQL: Statement ignored
52/24    PLS-00201: el identificador 'DBMS_CRYPTO' se debe declarar
66/1     PL/SQL: Statement ignored
66/10    PLS-00201: el identificador 'DBMS_CRYPTO' se debe declarar
94/5     PL/SQL: Statement ignored
95/14    PLS-00201: el identificador 'DBMS_CRYPTO' se debe declarar
158/7    PL/SQL: Statement ignored
158/17   PLS-00201: el identificador 'DBMS_CRYPTO' se debe declarar
168/9    PL/SQL: Statement ignored
170/18   PLS-00201: el identificador 'DBMS_CRYPTO' se debe declarar
No hay errores.
Errores para PACKAGE BODY PKG_DM_ENMASCARAR:

LINE/COL ERROR
-------- -----------------------------------------------------------------
53/9     PL/SQL: SQL Statement ignored
54/35    PL/SQL: ORA-00904: "DBMS_CRYPTO"."RANDOMBYTES": identificador no
         valido
No hay errores.
No hay errores.

Concesion terminada correctamente.


Concesion terminada correctamente.


Concesion terminada correctamente.


Concesion terminada correctamente.


Concesion terminada correctamente.


Concesion terminada correctamente.


Concesion terminada correctamente.


Concesion terminada correctamente.


Concesion terminada correctamente.


Concesion terminada correctamente.


Concesion terminada correctamente.


Concesion terminada correctamente.


Concesion terminada correctamente.


Concesion terminada correctamente.


Concesion terminada correctamente.


Concesion terminada correctamente.


Concesion terminada correctamente.


Concesion terminada correctamente.


Concesion terminada correctamente.


Concesion terminada correctamente.


Concesion terminada correctamente.


Concesion terminada correctamente.


Concesion terminada correctamente.


Concesion terminada correctamente.


Concesion terminada correctamente.


Concesion terminada correctamente.


Concesion terminada correctamente.


Concesion terminada correctamente.


Concesion terminada correctamente.


Concesion terminada correctamente.


Concesion terminada correctamente.


Concesion terminada correctamente.


Concesion terminada correctamente.


Concesion terminada correctamente.


Concesion terminada correctamente.


Concesion terminada correctamente.


Concesion terminada correctamente.

